INFO 2025-09-03 19:25:11,528 autoreload 5371 8293904960 Watching for file changes with StatReloader
ERROR 2025-09-03 19:25:25,295 exception 5371 6165934080 Invalid HTTP_HOST header: '127.0.0.1:8000'. You may need to add '127.0.0.1' to ALLOWED_HOSTS.
Traceback (most recent call last):
  File "/Users/arnau/Desktop/lakultural-web-prod/kulturalweb/.venv/lib/python3.13/site-packages/django/core/handlers/exception.py", line 55, in inner
    response = get_response(request)
  File "/Users/arnau/Desktop/lakultural-web-prod/kulturalweb/.venv/lib/python3.13/site-packages/django/utils/deprecation.py", line 128, in __call__
    response = self.process_request(request)
  File "/Users/arnau/Desktop/lakultural-web-prod/kulturalweb/.venv/lib/python3.13/site-packages/django/middleware/common.py", line 48, in process_request
    host = request.get_host()
  File "/Users/arnau/Desktop/lakultural-web-prod/kulturalweb/.venv/lib/python3.13/site-packages/django/http/request.py", line 151, in get_host
    raise DisallowedHost(msg)
django.core.exceptions.DisallowedHost: Invalid HTTP_HOST header: '127.0.0.1:8000'. You may need to add '127.0.0.1' to ALLOWED_HOSTS.
WARNING 2025-09-03 19:25:25,330 log 5371 6165934080 Bad Request: /
WARNING 2025-09-03 19:25:25,331 basehttp 5371 6165934080 "GET / HTTP/1.1" 400 73872
ERROR 2025-09-03 19:25:25,532 exception 5371 6165934080 Invalid HTTP_HOST header: '127.0.0.1:8000'. You may need to add '127.0.0.1' to ALLOWED_HOSTS.
Traceback (most recent call last):
  File "/Users/arnau/Desktop/lakultural-web-prod/kulturalweb/.venv/lib/python3.13/site-packages/django/core/handlers/exception.py", line 55, in inner
    response = get_response(request)
  File "/Users/arnau/Desktop/lakultural-web-prod/kulturalweb/.venv/lib/python3.13/site-packages/django/utils/deprecation.py", line 128, in __call__
    response = self.process_request(request)
  File "/Users/arnau/Desktop/lakultural-web-prod/kulturalweb/.venv/lib/python3.13/site-packages/django/middleware/common.py", line 48, in process_request
    host = request.get_host()
  File "/Users/arnau/Desktop/lakultural-web-prod/kulturalweb/.venv/lib/python3.13/site-packages/django/http/request.py", line 151, in get_host
    raise DisallowedHost(msg)
django.core.exceptions.DisallowedHost: Invalid HTTP_HOST header: '127.0.0.1:8000'. You may need to add '127.0.0.1' to ALLOWED_HOSTS.
WARNING 2025-09-03 19:25:25,574 log 5371 6165934080 Bad Request: /favicon.ico
WARNING 2025-09-03 19:25:25,574 basehttp 5371 6165934080 "GET /favicon.ico HTTP/1.1" 400 73846
INFO 2025-09-03 19:26:03,202 autoreload 5371 8293904960 /Users/arnau/Desktop/lakultural-web-prod/kulturalweb/LaKultural/settings.py changed, reloading.
INFO 2025-09-03 19:26:03,763 autoreload 5658 8293904960 Watching for file changes with StatReloader
INFO 2025-09-03 19:26:37,866 autoreload 5658 8293904960 /Users/arnau/Desktop/lakultural-web-prod/kulturalweb/LaKultural/settings.py changed, reloading.
INFO 2025-09-03 19:26:38,438 autoreload 5839 8293904960 Watching for file changes with StatReloader
INFO 2025-09-03 19:26:40,881 basehttp 5839 6137638912 "GET /?id=e9423158-fa39-4d18-866e-cae5c46968a4&vscodeBrowserReqId=1756920400852 HTTP/1.1" 200 9242
WARNING 2025-09-03 19:26:56,899 log 5839 6137638912 Not Found: /artistas
WARNING 2025-09-03 19:26:56,899 basehttp 5839 6137638912 "GET /artistas?id=e9423158-fa39-4d18-866e-cae5c46968a4&vscodeBrowserReqId=1756920416884 HTTP/1.1" 404 4633
INFO 2025-09-03 19:27:11,094 basehttp 5839 6154465280 "GET / HTTP/1.1" 200 9242
INFO 2025-09-03 19:27:11,116 basehttp 5839 6171291648 "GET /static/css/navbar.css HTTP/1.1" 200 2589
INFO 2025-09-03 19:27:11,116 basehttp 5839 6154465280 "GET /static/css/base.css HTTP/1.1" 200 8774
INFO 2025-09-03 19:27:11,118 basehttp 5839 6204944384 "GET /static/eventos/css/evento.css HTTP/1.1" 200 1102
INFO 2025-09-03 19:27:11,119 basehttp 5839 6188118016 "GET /static/usuarios/css/login_logout.css HTTP/1.1" 200 1934
INFO 2025-09-03 19:27:11,119 basehttp 5839 6238597120 "GET /static/musica/css/player.css HTTP/1.1" 200 0
INFO 2025-09-03 19:27:11,119 basehttp 5839 6221770752 "GET /static/musica/css/musica.css HTTP/1.1" 200 2821
INFO 2025-09-03 19:27:11,120 basehttp 5839 6154465280 "GET /static/carrito/css/carrito.css HTTP/1.1" 200 2431
INFO 2025-09-03 19:27:11,121 basehttp 5839 6171291648 "GET /static/tienda/css/producto.css HTTP/1.1" 200 1100
INFO 2025-09-03 19:27:11,121 basehttp 5839 6204944384 "GET /static/core/css/core.css HTTP/1.1" 200 3304
INFO 2025-09-03 19:27:11,121 basehttp 5839 6188118016 "GET /static/js/scripts.js HTTP/1.1" 200 7371
INFO 2025-09-03 19:27:11,122 basehttp 5839 6238597120 "GET /static/assets/img/logos/k_lakultural_lletres_blanc.svg HTTP/1.1" 200 15711
INFO 2025-09-03 19:27:11,123 basehttp 5839 6221770752 "GET /static/assets/img/logos/k_blanca.svg HTTP/1.1" 200 1855
INFO 2025-09-03 19:27:11,125 basehttp 5839 6154465280 "GET /static/assets/img/icons/menu_user.svg HTTP/1.1" 200 1279
INFO 2025-09-03 19:27:11,125 basehttp 5839 6171291648 "GET /static/assets/img/icons/menu_user_green.svg HTTP/1.1" 200 1279
INFO 2025-09-03 19:27:11,136 basehttp 5839 6188118016 "GET /static/assets/img/icons/mas_info_icon.png HTTP/1.1" 200 1472775
INFO 2025-09-03 19:27:11,139 basehttp 5839 6204944384 "GET /static/assets/img/kultural_grafiti.png HTTP/1.1" 200 2414416
INFO 2025-09-03 19:27:11,153 basehttp 5839 6238597120 "GET /static/assets/img/icons/artistas_icon.png HTTP/1.1" 200 2305597
INFO 2025-09-03 19:27:11,154 basehttp 5839 6221770752 "GET /static/assets/img/icons/musica_icon.png HTTP/1.1" 200 2296977
INFO 2025-09-03 19:27:11,170 basehttp 5839 6171291648 "GET /static/assets/img/icons/tienda_icon.png HTTP/1.1" 200 1898130
INFO 2025-09-03 19:27:11,170 basehttp 5839 6154465280 "GET /static/assets/img/icons/eventos_icon.png HTTP/1.1" 200 2308465
INFO 2025-09-03 19:27:11,541 basehttp 5839 6188118016 "GET /static/assets/img/logos/bg_k1.svg HTTP/1.1" 200 1620
INFO 2025-09-03 19:27:11,604 basehttp 5839 6204944384 "GET /static/assets/videos/video_home.mp4 HTTP/1.1" 200 8211691
INFO 2025-09-03 19:27:13,491 basehttp 5839 6221770752 "GET /eventos/ HTTP/1.1" 200 6558
INFO 2025-09-03 19:27:13,522 basehttp 5839 6171291648 "GET /static/assets/favicon.ico HTTP/1.1" 200 9343
INFO 2025-09-03 19:27:14,585 basehttp 5839 6188118016 "GET /booking/ HTTP/1.1" 200 6581
INFO 2025-09-03 19:27:15,279 basehttp 5839 6238597120 "GET /musica/ HTTP/1.1" 200 6681
INFO 2025-09-03 19:27:16,780 basehttp 5839 6171291648 "GET / HTTP/1.1" 200 9242
INFO 2025-09-03 19:27:16,833 basehttp 5839 6154465280 "GET /static/assets/videos/video_home.mp4 HTTP/1.1" 200 8211691
INFO 2025-09-03 19:27:23,590 basehttp 5839 6238597120 "GET /tienda/ HTTP/1.1" 200 6557
INFO 2025-09-03 19:27:25,169 basehttp 5839 6171291648 "GET /eventos/ HTTP/1.1" 200 6558
INFO 2025-09-03 19:27:25,785 basehttp 5839 6188118016 "GET /booking/ HTTP/1.1" 200 6581
INFO 2025-09-03 19:27:26,404 basehttp 5839 6238597120 "GET /booking/ HTTP/1.1" 200 6581
INFO 2025-09-03 19:27:26,842 basehttp 5839 6171291648 "GET /musica/ HTTP/1.1" 200 6681
INFO 2025-09-03 19:27:27,494 basehttp 5839 6188118016 "GET / HTTP/1.1" 200 9242
INFO 2025-09-03 19:27:27,553 basehttp 5839 6204944384 "GET /static/assets/videos/video_home.mp4 HTTP/1.1" 200 8211691
INFO 2025-09-03 19:27:48,829 basehttp 5839 6221770752 "GET /booking/ HTTP/1.1" 200 6581
INFO 2025-09-03 19:28:14,665 basehttp 5839 6154465280 "GET /booking/ HTTP/1.1" 200 6581
WARNING 2025-09-03 19:28:14,787 log 5839 6171291648 Not Found: /apple-touch-icon-precomposed.png
WARNING 2025-09-03 19:28:14,787 basehttp 5839 6171291648 "GET /apple-touch-icon-precomposed.png HTTP/1.1" 404 4628
WARNING 2025-09-03 19:28:14,792 log 5839 6171291648 Not Found: /apple-touch-icon.png
WARNING 2025-09-03 19:28:14,793 basehttp 5839 6171291648 "GET /apple-touch-icon.png HTTP/1.1" 404 4592
INFO 2025-09-03 19:28:14,794 basehttp 5839 6171291648 "GET /static/assets/favicon.ico HTTP/1.1" 200 9343
INFO 2025-09-03 19:28:14,803 basehttp 5839 6154465280 "GET /booking/ HTTP/1.1" 200 6581
WARNING 2025-09-03 19:28:14,811 log 5839 6171291648 Not Found: /apple-touch-icon-precomposed.png
WARNING 2025-09-03 19:28:14,811 basehttp 5839 6171291648 "GET /apple-touch-icon-precomposed.png HTTP/1.1" 404 4628
WARNING 2025-09-03 19:28:14,814 log 5839 6171291648 Not Found: /apple-touch-icon.png
WARNING 2025-09-03 19:28:14,815 basehttp 5839 6171291648 "GET /apple-touch-icon.png HTTP/1.1" 404 4592
INFO 2025-09-03 19:31:59,421 basehttp 5839 6154465280 "GET /musica/ HTTP/1.1" 200 6681
WARNING 2025-09-03 19:31:59,493 log 5839 6171291648 Not Found: /apple-touch-icon-precomposed.png
WARNING 2025-09-03 19:31:59,494 basehttp 5839 6171291648 "GET /apple-touch-icon-precomposed.png HTTP/1.1" 404 4628
WARNING 2025-09-03 19:31:59,500 log 5839 6171291648 Not Found: /apple-touch-icon.png
WARNING 2025-09-03 19:31:59,500 basehttp 5839 6171291648 "GET /apple-touch-icon.png HTTP/1.1" 404 4592
INFO 2025-09-03 19:33:23,584 basehttp 5839 6154465280 "GET /musica/ HTTP/1.1" 200 6681
INFO 2025-09-03 19:33:23,983 basehttp 5839 6154465280 "GET /booking/ HTTP/1.1" 200 6581
INFO 2025-09-03 19:33:24,638 basehttp 5839 6154465280 "GET / HTTP/1.1" 200 9242
INFO 2025-09-03 19:33:24,697 basehttp 5839 6154465280 "GET /static/assets/videos/video_home.mp4 HTTP/1.1" 200 8211691
